exports[`<App /> renders properly 1`] = `
<div
  className="App">
  <div
    className="App-header">
    <h2>
      Kyle\'s App
    </h2>
    <p>
      Testing
    </p>
  </div>
</div>
`;
